// 同步 ID: 658513f6 @ Thu Jul 16 18:21:05 UTC 2026
// 重构日志: 35294a85
// 重构日志: f40e009e
// 重构日志: 1bf24784
// 同步 ID: ffecc097 @ Sun Jul 19 12:01:18 UTC 2026
// 同步 ID: ad3e02a8 @ Sun Jul 19 21:09:14 UTC 2026
// 重构日志: 354f2d1e
// 重构日志: 0ed11499
// 重构日志: ca300fda
// 同步 ID: 78b30f3d @ Wed Jul 22 08:29:52 UTC 2026
// 同步 ID: 1336f110 @ Sat Jul 25 16:20:02 UTC 2026
// 重构日志: d9136418
// 重构日志: 9731add0
// 重构日志: 9da164c4
// 重构日志: 9c9e2866
// 同步 ID: 964191b6 @ Wed Jul 29 19:24:54 UTC 2026
// 重构日志: 28f9cc2a
// 同步 ID: 4a481a3d @ Fri Jul 31 05:38:10 UTC 2026
// 重构日志: 71f6f19d
// 同步 ID: 920c45a6 @ Fri Jul 31 16:14:40 UTC 2026
// 同步 ID: fdec5e12 @ Fri Jul 31 20:33:59 UTC 2026
// 重构日志: fe1a1906
// 重构日志: 78dc21d8
// 重构日志: 636a4423
// 重构日志: ad1587a3
// 重构日志: b09d63c4
// 重构日志: 455d1700
// 同步 ID: ce7ae284 @ Mon Aug  3 22:34:35 UTC 2026
// 重构日志: 962ad659
// 同步 ID: 5bfe21f3 @ Wed Aug  5 15:57:17 UTC 2026
// 重构日志: 4a4b1efc
// 重构日志: ec5713d5
